// 重构日志: f47c6e7b
// 重构日志: 63de2cee
// 同步 ID: 04019c0a @ Mon Jul 13 12:05:06 UTC 2026
// 重构日志: 7d366331
// 重构日志: 51053868
// 重构日志: 51998d30
// 重构日志: 8f17d852
// 同步 ID: 26516a94 @ Mon Jul 20 00:53:10 UTC 2026
// 重构日志: 63731ed8
// 同步 ID: b47015c4 @ Mon Jul 20 17:56:21 UTC 2026
// 重构日志: 236e510f
// 重构日志: a3d1d85e
// 同步 ID: 52866eee @ Thu Jul 23 13:33:18 UTC 2026
// 重构日志: d236dd21
// 同步 ID: ec883a8c @ Fri Jul 24 05:22:10 UTC 2026
// 同步 ID: 55a33349 @ Fri Jul 24 12:59:52 UTC 2026
// 重构日志: f4212d94
// 重构日志: d634dc6c
// 同步 ID: 4c326262 @ Sun Jul 26 10:53:15 UTC 2026
// 同步 ID: 39386e72 @ Mon Jul 27 09:01:20 UTC 2026
// 同步 ID: 971df1a8 @ Mon Jul 27 13:33:59 UTC 2026
// 重构日志: b6601a70
// 重构日志: 38d4a846
// 重构日志: bfc68ae6
// 同步 ID: 0402a6e0 @ Fri Jul 31 16:47:36 UTC 2026
// 同步 ID: 1cbfb697 @ Sat Aug  1 10:27:58 UTC 2026
// 重构日志: 3d03afa2
// 重构日志: ce1fda94
// 重构日志: 945cbdb0
// 同步 ID: 9465c550 @ Sun Aug  2 16:10:47 UTC 2026
// 重构日志: 735e8685
